#! /usr/bin/vvp
:ivl_version "0.9.4 " "(v0_9_4)";
:vpi_time_precision + 0;
:vpi_module "system";
:vpi_module "v2005_math";
:vpi_module "va_math";
S_0x19bd2f0 .scope module, "main" "main" 2 37;
 .timescale 0 0;
v0x1a14520_0 .var "CLK", 0 0;
v0x1a14730_0 .var "RST_N", 0 0;
v0x1a147b0_0 .var "cycle", 31 0;
v0x1a14830_0 .var "do_cycles", 0 0;
v0x1a148e0_0 .var "do_fsdb", 0 0;
v0x1a14960_0 .var "do_fst", 0 0;
v0x1a149e0_0 .var "do_vcd", 0 0;
v0x1a14a60_0 .var "num_cycles", 31 0;
v0x1a14ae0_0 .var "num_cycles_tmp", 31 0;
S_0x19f5fa0 .scope module, "top" "mkTest" 2 50, 3 6, S_0x19bd2f0;
 .timescale 0 0;
L_0x1a12ff0 .functor BUFZ 32, v0x1a12680_0, C4<00000000000000000000000000000000>, C4<00000000000000000000000000000000>, C4<00000000000000000000000000000000>;
L_0x1a195a0 .functor BUFZ 32, v0x1a133a0_0, C4<00000000000000000000000000000000>, C4<00000000000000000000000000000000>, C4<00000000000000000000000000000000>;
L_0x1a19820 .functor AND 1, C4<1>, C4<1>, C4<1>, C4<1>;
L_0x1a19a80 .functor AND 1, C4<1>, C4<1>, C4<1>, C4<1>;
L_0x1a19c10 .functor AND 1, C4<1>, L_0x1a1a610, C4<1>, C4<1>;
L_0x1a19df0 .functor AND 1, C4<1>, L_0x1a1a1e0, C4<1>, C4<1>;
v0x1a13590_0 .net "CLK", 0 0, v0x1a14520_0; 1 drivers
v0x1a13630_0 .net "RST_N", 0 0, v0x1a14730_0; 1 drivers
v0x1a13700_0 .net *"_s10", 0 0, C4<1>; 1 drivers
v0x1a137a0_0 .net *"_s16", 0 0, C4<1>; 1 drivers
v0x1a13820_0 .net *"_s20", 0 0, C4<1>; 1 drivers
v0x1a138c0_0 .net *"_s24", 0 0, C4<1>; 1 drivers
v0x1a13960_0 .net "x$IN_EN_WRITE", 0 0, C4<1>; 1 drivers
v0x1a139e0_0 .net "x$IN_EN_WRITE_CONSUMED", 0 0, L_0x1a1a290; 1 drivers
v0x1a13ab0_0 .net "x$IN_EN_WRITE_VALID", 0 0, C4<1>; 1 drivers
v0x1a13b60_0 .net "x$IN_WRITE", 31 0, L_0x1a12ff0; 1 drivers
v0x1a13c10_0 .net "x$IN_WRITE_CONSUMED", 0 0, L_0x1a1a1e0; 1 drivers
v0x1a13cc0_0 .net "x$IN_WRITE_VALID", 0 0, L_0x1a19820; 1 drivers
v0x1a13d70_0 .net "x$OUT_READ", 31 0, v0x1a133a0_0; 1 drivers
v0x1a13e20_0 .net "x$OUT_READ_CONSUMED", 0 0, L_0x1a19c10; 1 drivers
v0x1a13f50_0 .net "x$OUT_READ_VALID", 0 0, C4<1>; 1 drivers
v0x1a14000_0 .net "y$IN_EN_WRITE", 0 0, C4<1>; 1 drivers
v0x1a13ea0_0 .net "y$IN_EN_WRITE_CONSUMED", 0 0, L_0x1a1a6c0; 1 drivers
v0x1a14170_0 .net "y$IN_EN_WRITE_VALID", 0 0, C4<1>; 1 drivers
v0x1a14290_0 .net "y$IN_WRITE", 31 0, L_0x1a195a0; 1 drivers
v0x1a14310_0 .net "y$IN_WRITE_CONSUMED", 0 0, L_0x1a1a610; 1 drivers
v0x1a141f0_0 .net "y$IN_WRITE_VALID", 0 0, L_0x1a19a80; 1 drivers
v0x1a14470_0 .net "y$OUT_READ", 31 0, v0x1a12680_0; 1 drivers
v0x1a143c0_0 .net "y$OUT_READ_CONSUMED", 0 0, L_0x1a19df0; 1 drivers
v0x1a145e0_0 .net "y$OUT_READ_VALID", 0 0, C4<1>; 1 drivers
E_0x19f8f00 .event negedge, v0x19f6bf0_0;
S_0x1a12870 .scope module, "x" "mkReg" 3 49, 4 33, S_0x19f5fa0;
 .timescale 0 0;
P_0x1a12298 .param/l "init" 4 35, C4<00000000000000000000000000011000>;
P_0x1a122c0 .param/l "width" 4 34, C4<00000000000000000000000000100000>;
L_0x1a19fe0 .functor AND 1, L_0x1a19820, C4<1>, C4<1>, C4<1>;
L_0x1a1a0e0 .functor AND 1, L_0x1a19fe0, L_0x1a1a040, C4<1>, C4<1>;
L_0x1a1a1e0 .functor BUFZ 1, L_0x1a1a0e0, C4<0>, C4<0>, C4<0>;
L_0x1a1a290 .functor BUFZ 1, L_0x1a1a0e0, C4<0>, C4<0>, C4<0>;
v0x1a12960_0 .alias "CLK", 0 0, v0x1a13590_0;
v0x1a12a10_0 .alias "IN_EN_WRITE", 0 0, v0x1a13960_0;
v0x1a12a90_0 .alias "IN_EN_WRITE_CONSUMED", 0 0, v0x1a139e0_0;
v0x1a12b10_0 .alias "IN_EN_WRITE_VALID", 0 0, v0x1a13ab0_0;
v0x1a12bc0_0 .alias "IN_WRITE", 31 0, v0x1a13b60_0;
v0x1a12c60_0 .alias "IN_WRITE_CONSUMED", 0 0, v0x1a13c10_0;
v0x1a12d40_0 .alias "IN_WRITE_VALID", 0 0, v0x1a13cc0_0;
v0x1a12de0_0 .alias "OUT_READ", 31 0, v0x1a13d70_0;
v0x1a12ed0_0 .alias "OUT_READ_CONSUMED", 0 0, v0x1a13e20_0;
v0x1a12f70_0 .alias "OUT_READ_VALID", 0 0, v0x1a13f50_0;
v0x1a13070_0 .alias "RST_N", 0 0, v0x1a13630_0;
v0x1a130f0_0 .net *"_s4", 0 0, L_0x1a19fe0; 1 drivers
v0x1a131e0_0 .net *"_s7", 0 0, L_0x1a1a040; 1 drivers
v0x1a13280_0 .var "data0", 31 0;
v0x1a133a0_0 .var "data1", 31 0;
v0x1a13440_0 .net "enqCond", 0 0, L_0x1a1a0e0; 1 drivers
v0x1a13300_0 .var "valid0", 0 0;
L_0x1a1a040 .reduce/nor v0x1a13300_0;
S_0x19f0b30 .scope module, "y" "mkReg" 3 62, 4 33, S_0x19f5fa0;
 .timescale 0 0;
P_0x19e81a8 .param/l "init" 4 35, C4<00000000000000000000000000101101>;
P_0x19e81d0 .param/l "width" 4 34, C4<00000000000000000000000000100000>;
L_0x1a1a440 .functor AND 1, L_0x1a19a80, C4<1>, C4<1>, C4<1>;
L_0x1a1a560 .functor AND 1, L_0x1a1a440, L_0x1a1a4c0, C4<1>, C4<1>;
L_0x1a1a610 .functor BUFZ 1, L_0x1a1a560, C4<0>, C4<0>, C4<0>;
L_0x1a1a6c0 .functor BUFZ 1, L_0x1a1a560, C4<0>, C4<0>, C4<0>;
v0x19f6bf0_0 .alias "CLK", 0 0, v0x1a13590_0;
v0x1a11c70_0 .alias "IN_EN_WRITE", 0 0, v0x1a14000_0;
v0x1a11d10_0 .alias "IN_EN_WRITE_CONSUMED", 0 0, v0x1a13ea0_0;
v0x1a11db0_0 .alias "IN_EN_WRITE_VALID", 0 0, v0x1a14170_0;
v0x1a11e60_0 .alias "IN_WRITE", 31 0, v0x1a14290_0;
v0x1a11f00_0 .alias "IN_WRITE_CONSUMED", 0 0, v0x1a14310_0;
v0x1a11fe0_0 .alias "IN_WRITE_VALID", 0 0, v0x1a141f0_0;
v0x1a12080_0 .alias "OUT_READ", 31 0, v0x1a14470_0;
v0x1a12170_0 .alias "OUT_READ_CONSUMED", 0 0, v0x1a143c0_0;
v0x1a12210_0 .alias "OUT_READ_VALID", 0 0, v0x1a145e0_0;
v0x1a12310_0 .alias "RST_N", 0 0, v0x1a13630_0;
v0x1a123b0_0 .net *"_s4", 0 0, L_0x1a1a440; 1 drivers
v0x1a124c0_0 .net *"_s7", 0 0, L_0x1a1a4c0; 1 drivers
v0x1a12560_0 .var "data0", 31 0;
v0x1a12680_0 .var "data1", 31 0;
v0x1a12720_0 .net "enqCond", 0 0, L_0x1a1a560; 1 drivers
v0x1a125e0_0 .var "valid0", 0 0;
E_0x19f8c00 .event posedge, v0x19f6bf0_0;
L_0x1a1a4c0 .reduce/nor v0x1a125e0_0;
S_0x19e8250 .scope module, "mkPulse" "mkPulse" 4 20;
 .timescale 0 0;
L_0x1a1a770 .functor BUFZ 1, C4<z>, C4<0>, C4<0>, C4<0>;
L_0x1a1a7d0 .functor BUFZ 1, C4<z>, C4<0>, C4<0>, C4<0>;
L_0x1a1a830 .functor BUFZ 1, C4<z>, C4<0>, C4<0>, C4<0>;
v0x1a14b60_0 .net "IN_EN_WRITE", 0 0, C4<z>; 0 drivers
v0x1a14be0_0 .net "IN_EN_WRITE_CONSUMED", 0 0, L_0x1a1a830; 1 drivers
v0x1a14c60_0 .net "IN_EN_WRITE_VALID", 0 0, C4<z>; 0 drivers
v0x1a14ce0_0 .net "OUT_READ", 0 0, L_0x1a1a770; 1 drivers
v0x1a14d60_0 .net "OUT_READ_CONSUMED", 0 0, C4<z>; 0 drivers
v0x1a14de0_0 .net "OUT_READ_VALID", 0 0, L_0x1a1a7d0; 1 drivers
S_0x19f9200 .scope module, "mkPulseNormal" "mkPulseNormal" 4 143;
 .timescale 0 0;
L_0x1a1a890 .functor BUFZ 1, C4<z>, C4<0>, C4<0>, C4<0>;
v0x1a14e60_0 .net "IN_EN_WRITE", 0 0, C4<z>; 0 drivers
v0x1a14ee0_0 .net "OUT_READ", 0 0, L_0x1a1a890; 1 drivers
S_0x19f26e0 .scope module, "mkRand32" "mkRand32" 5 1;
 .timescale 0 0;
P_0x19d5e68 .param/l "seed" 5 2, +C4<0>;
L_0x1a1a8f0 .functor BUFZ 1, C4<z>, C4<0>, C4<0>, C4<0>;
L_0x1a1a950 .functor BUFZ 1, C4<z>, C4<0>, C4<0>, C4<0>;
v0x1a14f60_0 .net "CLK", 0 0, C4<z>; 0 drivers
v0x1a15000_0 .net "REQ_WRITE", 0 0, C4<z>; 0 drivers
v0x1a150a0_0 .net "REQ_WRITE_CONSUMED", 0 0, C4<z>; 0 drivers
v0x1a15140_0 .net "REQ_WRITE_VALID", 0 0, C4<z>; 0 drivers
v0x1a151f0_0 .var "RESP_READ", 31 0;
v0x1a15290_0 .net "RESP_READ_CONSUMED", 0 0, L_0x1a1a950; 1 drivers
v0x1a15370_0 .net "RESP_READ_VALID", 0 0, L_0x1a1a8f0; 1 drivers
v0x1a15410_0 .var/i "randomseed", 31 0;
E_0x1a148b0 .event posedge, v0x1a14f60_0;
S_0x19e8430 .scope module, "mkRand32Normal" "mkRand32Normal" 5 26;
 .timescale 0 0;
P_0x19f9198 .param/l "seed" 5 27, +C4<0>;
v0x1a15540_0 .net "CLK", 0 0, C4<z>; 0 drivers
v0x1a15600_0 .net "REQ_WRITE", 0 0, C4<z>; 0 drivers
v0x1a156a0_0 .var "RESP_READ", 31 0;
v0x1a15740_0 .var/i "randomseed", 31 0;
E_0x1a151c0 .event posedge, v0x1a15540_0;
S_0x19f9540 .scope module, "mkRegFileLoadNormal_" "mkRegFileLoadNormal_" 6 125;
 .timescale 0 0;
P_0x19ba9e8 .param/str "file" 6 129, "memory.vmh";
P_0x19baa10 .param/l "mode" 6 130, +C4<0>;
P_0x19baa38 .param/l "n" 6 127, +C4<0101>;
P_0x19baa60 .param/l "size" 6 128, +C4<0100000>;
P_0x19baa88 .param/l "width" 6 126, +C4<0100000>;
L_0x1a1aa80 .functor BUFZ 32, L_0x1a1a9b0, C4<00000000000000000000000000000000>, C4<00000000000000000000000000000000>, C4<00000000000000000000000000000000>;
v0x1a15950_0 .net "CLK", 0 0, C4<z>; 0 drivers
v0x1a15a10_0 .net "READ_REQ_WRITE", 4 0, C4<zzzzz>; 0 drivers
v0x1a15ab0_0 .net "READ_RESP_READ", 31 0, L_0x1a1aa80; 1 drivers
v0x1a15b50_0 .net "RST_N", 0 0, C4<z>; 0 drivers
v0x1a15c00_0 .net "WRITE_DATA_WRITE", 31 0, C4<zzzzzzzzzzzzzzzzzzzzzzzzzzzzzzzz>; 0 drivers
v0x1a15ca0_0 .net "WRITE_EN_WRITE", 0 0, C4<z>; 0 drivers
v0x1a15d40_0 .net "WRITE_INDEX_WRITE", 4 0, C4<zzzzz>; 0 drivers
v0x1a15de0_0 .net *"_s0", 31 0, L_0x1a1a9b0; 1 drivers
v0x1a15ed0 .array "arr", 31 0, 31 0;
E_0x1a157f0 .event posedge, v0x1a15950_0;
L_0x1a1a9b0 .array/port v0x1a15ed0, C4<zzzzz>;
S_0x1a15860 .scope begin, "allif" "allif" 6 154, 6 154, S_0x19f9540;
 .timescale 0 0;
S_0x19f8fd0 .scope module, "mkRegFileLoad_" "mkRegFileLoad_" 6 1;
 .timescale 0 0;
P_0x19bb7f8 .param/str "file" 6 10, "memory.vmh";
P_0x19bb820 .param/l "mode" 6 11, +C4<0>;
P_0x19bb848 .param/l "n" 6 8, +C4<0101>;
P_0x19bb870 .param/l "size" 6 9, +C4<0100000>;
P_0x19bb898 .param/l "width" 6 7, +C4<0100000>;
L_0x1a1af00 .functor AND 1, C4<z>, C4<z>, C4<1>, C4<1>;
L_0x1a1aff0 .functor AND 1, L_0x1a1af00, C4<z>, C4<1>, C4<1>;
L_0x1a1b110 .functor AND 1, L_0x1a1aff0, L_0x1a1ab60, C4<1>, C4<1>;
L_0x1a1b210 .functor BUFZ 1, L_0x1a1b110, C4<0>, C4<0>, C4<0>;
L_0x1a1b310 .functor BUFZ 1, L_0x1a1b110, C4<0>, C4<0>, C4<0>;
L_0x1a1b460 .functor AND 1, v0x1a172f0_0, L_0x1a1b370, C4<1>, C4<1>;
L_0x1a1b820 .functor AND 1, v0x1a17660_0, C4<z>, C4<1>, C4<1>;
L_0x1a1b8d0 .functor BUFZ 1, C4<z>, C4<0>, C4<0>, C4<0>;
L_0x1a1b590 .functor BUFZ 1, C4<z>, C4<0>, C4<0>, C4<0>;
v0x1a16080_0 .net "CLK", 0 0, C4<z>; 0 drivers
v0x1a16140_0 .net "READ_REQ_WRITE", 4 0, C4<zzzzz>; 0 drivers
v0x1a161e0_0 .net "READ_REQ_WRITE_CONSUMED", 0 0, L_0x1a1b8d0; 1 drivers
v0x1a16280_0 .net "READ_REQ_WRITE_VALID", 0 0, C4<z>; 0 drivers
v0x1a16330_0 .net "READ_RESP_READ", 31 0, L_0x1a1b690; 1 drivers
v0x1a163d0_0 .net "READ_RESP_READ_CONSUMED", 0 0, C4<z>; 0 drivers
v0x1a16470_0 .net "READ_RESP_READ_VALID", 0 0, L_0x1a1b820; 1 drivers
v0x1a16510_0 .net "RST_N", 0 0, C4<z>; 0 drivers
v0x1a16600_0 .net "WRITE_DATA_WRITE", 31 0, C4<zzzzzzzzzzzzzzzzzzzzzzzzzzzzzzzz>; 0 drivers
v0x1a166a0_0 .net "WRITE_DATA_WRITE_CONSUMED", 0 0, L_0x1a1b310; 1 drivers
v0x1a16740_0 .net "WRITE_DATA_WRITE_VALID", 0 0, C4<z>; 0 drivers
v0x1a167e0_0 .net "WRITE_EN_WRITE", 0 0, C4<z>; 0 drivers
v0x1a16880_0 .net "WRITE_EN_WRITE_CONSUMED", 0 0, C4<z>; 0 drivers
v0x1a16920_0 .net "WRITE_EN_WRITE_VALID", 0 0, C4<z>; 0 drivers
v0x1a16a40_0 .net "WRITE_INDEX_WRITE", 4 0, C4<zzzzz>; 0 drivers
v0x1a16ae0_0 .net "WRITE_INDEX_WRITE_CONSUMED", 0 0, L_0x1a1b210; 1 drivers
v0x1a169a0_0 .net "WRITE_INDEX_WRITE_VALID", 0 0, C4<z>; 0 drivers
v0x1a16c30_0 .net *"_s10", 0 0, L_0x1a1af00; 1 drivers
v0x1a16d50_0 .net *"_s12", 0 0, L_0x1a1aff0; 1 drivers
v0x1a16dd0_0 .net *"_s20", 0 0, L_0x1a1b370; 1 drivers
v0x1a16cb0_0 .net *"_s22", 0 0, L_0x1a1b460; 1 drivers
v0x1a16f00_0 .net *"_s24", 31 0, L_0x1a1b5f0; 1 drivers
v0x1a16e50 .array "arr", 31 0, 31 0;
v0x1a17040_0 .var "data0", 31 0;
v0x1a16f80_0 .var "data1", 31 0;
v0x1a17190_0 .net "deqEn", 0 0, L_0x1a1b590; 1 drivers
v0x1a170c0_0 .var "en0", 0 0;
v0x1a172f0_0 .var "en1", 0 0;
v0x1a17210_0 .net "enqEn", 0 0, L_0x1a1b110; 1 drivers
v0x1a17460_0 .var "index0", 4 0;
v0x1a17370_0 .var "index1", 4 0;
v0x1a175e0_0 .net "notEmpty", 0 0, v0x1a17660_0; 1 drivers
v0x1a174e0_0 .net "notFull", 0 0, L_0x1a1ab60; 1 drivers
v0x1a17770_0 .var "valid0", 0 0;
v0x1a17660_0 .var "valid1", 0 0;
v0x1a17910_0 .net "writeData", 31 0, v0x1a16f80_0; 1 drivers
v0x1a177f0_0 .net "writeEn", 0 0, v0x1a172f0_0; 1 drivers
v0x1a17890_0 .net "writeIndex", 4 0, v0x1a17370_0; 1 drivers
v0x1a17ad0_0 .var "writeInit", 31 0;
E_0x1a15bd0 .event posedge, v0x1a16080_0;
L_0x1a1ab60 .reduce/nor v0x1a17770_0;
L_0x1a1b370 .cmp/eq 5, v0x1a17370_0, C4<zzzzz>;
L_0x1a1b5f0 .array/port v0x1a16e50, C4<zzzzz>;
L_0x1a1b690 .functor MUXZ 32, L_0x1a1b5f0, v0x1a16f80_0, L_0x1a1b460, C4<>;
S_0x1a15f90 .scope begin, "allif" "allif" 6 79, 6 79, S_0x19f8fd0;
 .timescale 0 0;
S_0x19f8cd0 .scope module, "mkRegNormal" "mkRegNormal" 4 150;
 .timescale 0 0;
P_0x1987108 .param/l "init" 4 152, +C4<0>;
P_0x1987130 .param/l "width" 4 151, +C4<01>;
v0x1a17b50_0 .net "CLK", 0 0, C4<z>; 0 drivers
v0x1a17bd0_0 .net "IN_EN_WRITE", 0 0, C4<z>; 0 drivers
v0x1a17c70_0 .net "IN_WRITE", 0 0, C4<z>; 0 drivers
v0x1a17d10_0 .var "OUT_READ", 0 0;
v0x1a17dc0_0 .net "RST_N", 0 0, C4<z>; 0 drivers
E_0x1a16300 .event posedge, v0x1a17b50_0;
S_0x19f89d0 .scope module, "mkRegU" "mkRegU" 4 88;
 .timescale 0 0;
P_0x19bd418 .param/l "width" 4 89, +C4<01>;
L_0x1a1ba40 .functor AND 1, C4<z>, C4<z>, C4<1>, C4<1>;
L_0x1a1bc30 .functor AND 1, L_0x1a1ba40, L_0x1a1bb30, C4<1>, C4<1>;
L_0x1a1bd60 .functor BUFZ 1, L_0x1a1bc30, C4<0>, C4<0>, C4<0>;
L_0x1a1be10 .functor BUFZ 1, L_0x1a1bc30, C4<0>, C4<0>, C4<0>;
v0x1a17ed0_0 .net "CLK", 0 0, C4<z>; 0 drivers
v0x1a17f90_0 .net "IN_EN_WRITE", 0 0, C4<z>; 0 drivers
v0x1a18030_0 .net "IN_EN_WRITE_CONSUMED", 0 0, L_0x1a1be10; 1 drivers
v0x1a180d0_0 .net "IN_EN_WRITE_VALID", 0 0, C4<z>; 0 drivers
v0x1a18180_0 .net "IN_WRITE", 0 0, C4<z>; 0 drivers
v0x1a18220_0 .net "IN_WRITE_CONSUMED", 0 0, L_0x1a1bd60; 1 drivers
v0x1a182c0_0 .net "IN_WRITE_VALID", 0 0, C4<z>; 0 drivers
v0x1a18360_0 .net "OUT_READ", 0 0, v0x1a18720_0; 1 drivers
v0x1a18400_0 .net "OUT_READ_CONSUMED", 0 0, C4<z>; 0 drivers
v0x1a184a0_0 .net "OUT_READ_VALID", 0 0, C4<1>; 1 drivers
v0x1a18540_0 .net *"_s4", 0 0, L_0x1a1ba40; 1 drivers
v0x1a185e0_0 .net *"_s7", 0 0, L_0x1a1bb30; 1 drivers
v0x1a18680_0 .var "data0", 0 0;
v0x1a18720_0 .var "data1", 0 0;
v0x1a18840_0 .net "enqCond", 0 0, L_0x1a1bc30; 1 drivers
v0x1a188e0_0 .var "valid0", 0 0;
E_0x1a17e60 .event posedge, v0x1a17ed0_0;
L_0x1a1bb30 .reduce/nor v0x1a188e0_0;
S_0x19f6350 .scope module, "mkRegUNormal" "mkRegUNormal" 4 170;
 .timescale 0 0;
P_0x19bf0a8 .param/l "width" 4 171, +C4<01>;
v0x1a187a0_0 .net "CLK", 0 0, C4<z>; 0 drivers
v0x1a18a90_0 .net "IN_EN_WRITE", 0 0, C4<z>; 0 drivers
v0x1a18b30_0 .net "IN_WRITE", 0 0, C4<z>; 0 drivers
v0x1a18bd0_0 .var "OUT_READ", 0 0;
E_0x1a18150 .event posedge, v0x1a187a0_0;
S_0x19f72e0 .scope module, "mkWire" "mkWire" 4 1;
 .timescale 0 0;
P_0x19bf5f8 .param/l "width" 4 2, +C4<01>;
L_0x1a1be70 .functor BUFZ 1, C4<z>, C4<0>, C4<0>, C4<0>;
L_0x1a1bf30 .functor BUFZ 1, C4<z>, C4<0>, C4<0>, C4<0>;
L_0x1a1bff0 .functor BUFZ 1, C4<z>, C4<0>, C4<0>, C4<0>;
v0x1a18c80_0 .net "IN_EN_WRITE", 0 0, C4<z>; 0 drivers
v0x1a18d40_0 .net "IN_EN_WRITE_CONSUMED", 0 0, C4<1>; 1 drivers
v0x1a18de0_0 .net "IN_EN_WRITE_VALID", 0 0, C4<z>; 0 drivers
v0x1a18e80_0 .net "IN_WRITE", 0 0, C4<z>; 0 drivers
v0x1a18f30_0 .net "IN_WRITE_CONSUMED", 0 0, L_0x1a1bff0; 1 drivers
v0x1a18fd0_0 .net "IN_WRITE_VALID", 0 0, C4<z>; 0 drivers
v0x1a19070_0 .net "OUT_READ", 0 0, L_0x1a1be70; 1 drivers
v0x1a19110_0 .net "OUT_READ_CONSUMED", 0 0, C4<z>; 0 drivers
v0x1a191b0_0 .net "OUT_READ_VALID", 0 0, L_0x1a1bf30; 1 drivers
S_0x19f7030 .scope module, "mkWireNormal" "mkWireNormal" 4 134;
 .timescale 0 0;
P_0x19cf148 .param/l "width" 4 135, +C4<01>;
L_0x1a1a380 .functor BUFZ 1, C4<z>, C4<0>, C4<0>, C4<0>;
v0x1a19250_0 .net "IN_EN_WRITE", 0 0, C4<z>; 0 drivers
v0x1a19310_0 .net "IN_WRITE", 0 0, C4<z>; 0 drivers
v0x1a193b0_0 .net "OUT_READ", 0 0, L_0x1a1a380; 1 drivers
    .scope S_0x1a12870;
T_0 ;
    %set/v v0x1a13300_0, 0, 1;
    %movi 8, 24, 32;
    %set/v v0x1a133a0_0, 8, 32;
    %end;
    .thread T_0;
    .scope S_0x1a12870;
T_1 ;
    %wait E_0x19f8c00;
    %load/v 8, v0x1a13070_0, 1;
    %inv 8, 1;
    %jmp/0xz  T_1.0, 8;
    %ix/load 0, 1, 0;
    %assign/v0 v0x1a13300_0, 0, 0;
    %movi 8, 24, 32;
    %ix/load 0, 32, 0;
    %assign/v0 v0x1a133a0_0, 0, 8;
    %jmp T_1.1;
T_1.0 ;
    %load/v 8, v0x1a13440_0, 1;
    %load/v 9, v0x1a12ed0_0, 1;
    %inv 9, 1;
    %and 8, 9, 1;
    %jmp/0xz  T_1.2, 8;
    %ix/load 0, 1, 0;
    %assign/v0 v0x1a13300_0, 0, 1;
    %load/v 8, v0x1a12bc0_0, 32;
    %ix/load 0, 32, 0;
    %assign/v0 v0x1a13280_0, 0, 8;
    %jmp T_1.3;
T_1.2 ;
    %load/v 8, v0x1a13440_0, 1;
    %load/v 9, v0x1a12ed0_0, 1;
    %and 8, 9, 1;
    %jmp/0xz  T_1.4, 8;
    %load/v 8, v0x1a12bc0_0, 32;
    %ix/load 0, 32, 0;
    %assign/v0 v0x1a133a0_0, 0, 8;
    %jmp T_1.5;
T_1.4 ;
    %load/v 8, v0x1a13440_0, 1;
    %inv 8, 1;
    %load/v 9, v0x1a12ed0_0, 1;
    %and 8, 9, 1;
    %load/v 9, v0x1a13300_0, 1;
    %and 8, 9, 1;
    %jmp/0xz  T_1.6, 8;
    %ix/load 0, 1, 0;
    %assign/v0 v0x1a13300_0, 0, 0;
    %load/v 8, v0x1a13280_0, 32;
    %ix/load 0, 32, 0;
    %assign/v0 v0x1a133a0_0, 0, 8;
T_1.6 ;
T_1.5 ;
T_1.3 ;
T_1.1 ;
    %jmp T_1;
    .thread T_1;
    .scope S_0x19f0b30;
T_2 ;
    %set/v v0x1a125e0_0, 0, 1;
    %movi 8, 45, 32;
    %set/v v0x1a12680_0, 8, 32;
    %end;
    .thread T_2;
    .scope S_0x19f0b30;
T_3 ;
    %wait E_0x19f8c00;
    %load/v 8, v0x1a12310_0, 1;
    %inv 8, 1;
    %jmp/0xz  T_3.0, 8;
    %ix/load 0, 1, 0;
    %assign/v0 v0x1a125e0_0, 0, 0;
    %movi 8, 45, 32;
    %ix/load 0, 32, 0;
    %assign/v0 v0x1a12680_0, 0, 8;
    %jmp T_3.1;
T_3.0 ;
    %load/v 8, v0x1a12720_0, 1;
    %load/v 9, v0x1a12170_0, 1;
    %inv 9, 1;
    %and 8, 9, 1;
    %jmp/0xz  T_3.2, 8;
    %ix/load 0, 1, 0;
    %assign/v0 v0x1a125e0_0, 0, 1;
    %load/v 8, v0x1a11e60_0, 32;
    %ix/load 0, 32, 0;
    %assign/v0 v0x1a12560_0, 0, 8;
    %jmp T_3.3;
T_3.2 ;
    %load/v 8, v0x1a12720_0, 1;
    %load/v 9, v0x1a12170_0, 1;
    %and 8, 9, 1;
    %jmp/0xz  T_3.4, 8;
    %load/v 8, v0x1a11e60_0, 32;
    %ix/load 0, 32, 0;
    %assign/v0 v0x1a12680_0, 0, 8;
    %jmp T_3.5;
T_3.4 ;
    %load/v 8, v0x1a12720_0, 1;
    %inv 8, 1;
    %load/v 9, v0x1a12170_0, 1;
    %and 8, 9, 1;
    %load/v 9, v0x1a125e0_0, 1;
    %and 8, 9, 1;
    %jmp/0xz  T_3.6, 8;
    %ix/load 0, 1, 0;
    %assign/v0 v0x1a125e0_0, 0, 0;
    %load/v 8, v0x1a12560_0, 32;
    %ix/load 0, 32, 0;
    %assign/v0 v0x1a12680_0, 0, 8;
T_3.6 ;
T_3.5 ;
T_3.3 ;
T_3.1 ;
    %jmp T_3;
    .thread T_3;
    .scope S_0x19f5fa0;
T_4 ;
    %wait E_0x19f8f00;
    %delay 0, 0;
    %load/v 8, v0x1a13630_0, 1;
    %jmp/0xz  T_4.0, 8;
    %load/v 8, v0x1a13f50_0, 1;
    %and 8, 1, 1;
    %load/v 9, v0x1a145e0_0, 1;
    %and 8, 9, 1;
    %jmp/0xz  T_4.2, 8;
    %vpi_call 3 80 "$display", "%d %d", v0x1a13d70_0, v0x1a14470_0;
T_4.2 ;
T_4.0 ;
    %jmp T_4;
    .thread T_4;
    .scope S_0x19bd2f0;
T_5 ;
    %set/v v0x1a147b0_0, 0, 32;
    %vpi_func 2 73 "$test$plusargs", 8, 32, "bscvcd";
    %set/v v0x1a149e0_0, 8, 1;
    %vpi_func 2 74 "$test$plusargs", 8, 32, "bscfst";
    %set/v v0x1a14960_0, 8, 1;
    %vpi_func 2 75 "$test$plusargs", 8, 32, "bscfsdb";
    %set/v v0x1a148e0_0, 8, 1;
    %vpi_func 2 76 "$test$plusargs", 8, 32, "bsccycle";
    %set/v v0x1a14830_0, 8, 1;
    %vpi_func 2 77 "$value$plusargs", 8, 32, "finish=%d", v0x1a14ae0_0;
    %cmpi/u 8, 0, 32;
    %inv 4, 1;
    %jmp/0xz  T_5.0, 4;
    %load/v 8, v0x1a14ae0_0, 32;
    %set/v v0x1a14a60_0, 8, 32;
T_5.0 ;
    %load/v 8, v0x1a149e0_0, 1;
    %jmp/0xz  T_5.2, 8;
    %vpi_call 2 93 "$dumpfile", "dump.vcd";
    %vpi_call 2 94 "$dumpvars", 1'sb0, S_0x19bd2f0;
T_5.2 ;
    %delay 0, 0;
    %set/v v0x1a14730_0, 0, 1;
    %delay 1, 0;
    %set/v v0x1a14520_0, 1, 1;
    %delay 1, 0;
    %set/v v0x1a14730_0, 1, 1;
    %end;
    .thread T_5;
    .scope S_0x19bd2f0;
T_6 ;
    %delay 1, 0;
    %load/v 8, v0x1a14830_0, 1;
    %jmp/0xz  T_6.0, 8;
    %vpi_call 2 116 "$display", "cycle %0d", v0x1a147b0_0;
T_6.0 ;
    %load/v 8, v0x1a147b0_0, 32;
    %mov 40, 0, 1;
    %addi 8, 1, 33;
    %set/v v0x1a147b0_0, 8, 32;
    %delay 4, 0;
    %set/v v0x1a14520_0, 0, 1;
    %delay 5, 0;
    %set/v v0x1a14520_0, 1, 1;
    %load/v 8, v0x1a147b0_0, 32;
    %load/v 40, v0x1a14a60_0, 32;
    %cmp/u 8, 40, 32;
    %jmp/0xz  T_6.2, 4;
    %vpi_call 2 123 "$finish";
T_6.2 ;
    %jmp T_6;
    .thread T_6;
    .scope S_0x19f26e0;
T_7 ;
    %set/v v0x1a15410_0, 0, 32;
    %end;
    .thread T_7;
    .scope S_0x19f26e0;
T_8 ;
    %wait E_0x1a148b0;
    %load/v 8, v0x1a15000_0, 1;
    %jmp/0xz  T_8.0, 8;
    %vpi_func 5 22 "$random", 8, 32, v0x1a15410_0;
    %set/v v0x1a151f0_0, 8, 32;
T_8.0 ;
    %jmp T_8;
    .thread T_8;
    .scope S_0x19e8430;
T_9 ;
    %set/v v0x1a15740_0, 0, 32;
    %end;
    .thread T_9;
    .scope S_0x19e8430;
T_10 ;
    %wait E_0x1a151c0;
    %load/v 8, v0x1a15600_0, 1;
    %jmp/0xz  T_10.0, 8;
    %vpi_func 5 40 "$random", 8, 32, v0x1a15740_0;
    %set/v v0x1a156a0_0, 8, 32;
T_10.0 ;
    %jmp T_10;
    .thread T_10;
    .scope S_0x19f9540;
T_11 ;
    %end;
    .thread T_11;
    .scope S_0x19f9540;
T_12 ;
    %wait E_0x1a157f0;
    %load/v 8, v0x1a15b50_0, 1;
    %inv 8, 1;
    %jmp/0xz  T_12.0, 8;
    %jmp T_12.1;
T_12.0 ;
    %load/v 8, v0x1a15ca0_0, 1;
    %jmp/0xz  T_12.2, 8;
    %load/v 8, v0x1a15c00_0, 32;
    %load/v 40, v0x1a15d40_0, 5;
    %mov 45, 0, 27;
    %ix/get 3, 40, 32;
    %jmp/1 t_0, 4;
    %ix/load 0, 32, 0; word width
    %ix/load 1, 0, 0; part off
    %assign/av v0x1a15ed0, 0, 8;
t_0 ;
T_12.2 ;
T_12.1 ;
    %jmp T_12;
    .thread T_12;
    .scope S_0x19f8fd0;
T_13 ;
    %ix/load 3, 0, 0;
    %mov 4, 0, 1;
    %load/av 8, v0x1a16e50, 32;
    %set/v v0x1a17ad0_0, 8, 32;
    %ix/load 0, 1, 0;
    %assign/v0 v0x1a17660_0, 0, 1;
    %ix/load 0, 1, 0;
    %assign/v0 v0x1a172f0_0, 0, 1;
    %ix/load 0, 5, 0;
    %assign/v0 v0x1a17370_0, 0, 0;
    %load/v 8, v0x1a17ad0_0, 1; Select 1 out of 32 bits
    %mov 9, 0, 31;
    %ix/load 0, 32, 0;
    %assign/v0 v0x1a16f80_0, 0, 8;
    %ix/load 0, 1, 0;
    %assign/v0 v0x1a17770_0, 0, 0;
    %end;
    .thread T_13;
    .scope S_0x19f8fd0;
T_14 ;
    %wait E_0x1a15bd0;
    %load/v 8, v0x1a16510_0, 1;
    %inv 8, 1;
    %jmp/0xz  T_14.0, 8;
    %fork t_2, S_0x1a15f90;
    %jmp t_1;
    .scope S_0x1a15f90;
t_2 ;
    %ix/load 3, 0, 0;
    %mov 4, 0, 1;
    %load/av 8, v0x1a16e50, 32;
    %set/v v0x1a17ad0_0, 8, 32;
    %ix/load 0, 1, 0;
    %assign/v0 v0x1a17660_0, 0, 1;
    %ix/load 0, 1, 0;
    %assign/v0 v0x1a172f0_0, 0, 1;
    %ix/load 0, 5, 0;
    %assign/v0 v0x1a17370_0, 0, 0;
    %load/v 8, v0x1a17ad0_0, 1; Select 1 out of 32 bits
    %mov 9, 0, 31;
    %ix/load 0, 32, 0;
    %assign/v0 v0x1a16f80_0, 0, 8;
    %ix/load 0, 1, 0;
    %assign/v0 v0x1a17770_0, 0, 0;
    %end;
    .scope S_0x19f8fd0;
t_1 %join;
    %jmp T_14.1;
T_14.0 ;
    %load/v 8, v0x1a17190_0, 1;
    %jmp/0xz  T_14.2, 8;
    %load/v 8, v0x1a177f0_0, 1;
    %jmp/0xz  T_14.4, 8;
    %load/v 8, v0x1a17910_0, 32;
    %load/v 40, v0x1a17890_0, 5;
    %mov 45, 0, 27;
    %ix/get 3, 40, 32;
    %jmp/1 t_3, 4;
    %ix/load 0, 32, 0; word width
    %ix/load 1, 0, 0; part off
    %assign/av v0x1a16e50, 0, 8;
t_3 ;
T_14.4 ;
T_14.2 ;
    %load/v 8, v0x1a17210_0, 1;
    %jmp/0xz  T_14.6, 8;
    %load/v 8, v0x1a17190_0, 1;
    %load/v 9, v0x1a17660_0, 1;
    %inv 9, 1;
    %or 8, 9, 1;
    %jmp/0xz  T_14.8, 8;
    %ix/load 0, 1, 0;
    %assign/v0 v0x1a17660_0, 0, 1;
    %load/v 8, v0x1a167e0_0, 1;
    %ix/load 0, 1, 0;
    %assign/v0 v0x1a172f0_0, 0, 8;
    %load/v 8, v0x1a16a40_0, 5;
    %ix/load 0, 5, 0;
    %assign/v0 v0x1a17370_0, 0, 8;
    %load/v 8, v0x1a16600_0, 32;
    %ix/load 0, 32, 0;
    %assign/v0 v0x1a16f80_0, 0, 8;
    %jmp T_14.9;
T_14.8 ;
    %ix/load 0, 1, 0;
    %assign/v0 v0x1a17770_0, 0, 1;
    %load/v 8, v0x1a167e0_0, 1;
    %ix/load 0, 1, 0;
    %assign/v0 v0x1a170c0_0, 0, 8;
    %load/v 8, v0x1a16a40_0, 5;
    %ix/load 0, 5, 0;
    %assign/v0 v0x1a17460_0, 0, 8;
    %load/v 8, v0x1a16600_0, 32;
    %ix/load 0, 32, 0;
    %assign/v0 v0x1a17040_0, 0, 8;
T_14.9 ;
    %jmp T_14.7;
T_14.6 ;
    %load/v 8, v0x1a17190_0, 1;
    %jmp/0xz  T_14.10, 8;
    %ix/load 0, 1, 0;
    %assign/v0 v0x1a17770_0, 0, 0;
    %load/v 8, v0x1a17770_0, 1;
    %ix/load 0, 1, 0;
    %assign/v0 v0x1a17660_0, 0, 8;
    %load/v 8, v0x1a170c0_0, 1;
    %ix/load 0, 1, 0;
    %assign/v0 v0x1a172f0_0, 0, 8;
    %load/v 8, v0x1a17460_0, 5;
    %ix/load 0, 5, 0;
    %assign/v0 v0x1a17370_0, 0, 8;
    %load/v 8, v0x1a17040_0, 32;
    %ix/load 0, 32, 0;
    %assign/v0 v0x1a16f80_0, 0, 8;
T_14.10 ;
T_14.7 ;
T_14.1 ;
    %jmp T_14;
    .thread T_14;
    .scope S_0x19f8cd0;
T_15 ;
    %set/v v0x1a17d10_0, 0, 1;
    %end;
    .thread T_15;
    .scope S_0x19f8cd0;
T_16 ;
    %wait E_0x1a16300;
    %load/v 8, v0x1a17dc0_0, 1;
    %inv 8, 1;
    %jmp/0xz  T_16.0, 8;
    %ix/load 0, 1, 0;
    %assign/v0 v0x1a17d10_0, 0, 0;
    %jmp T_16.1;
T_16.0 ;
    %load/v 8, v0x1a17bd0_0, 1;
    %jmp/0xz  T_16.2, 8;
    %load/v 8, v0x1a17c70_0, 1;
    %ix/load 0, 1, 0;
    %assign/v0 v0x1a17d10_0, 0, 8;
T_16.2 ;
T_16.1 ;
    %jmp T_16;
    .thread T_16;
    .scope S_0x19f89d0;
T_17 ;
    %set/v v0x1a188e0_0, 0, 1;
    %movi 8, 2, 2;
    %set/v v0x1a18720_0, 8, 1;
    %end;
    .thread T_17;
    .scope S_0x19f89d0;
T_18 ;
    %wait E_0x1a17e60;
    %load/v 8, v0x1a18840_0, 1;
    %load/v 9, v0x1a18400_0, 1;
    %inv 9, 1;
    %and 8, 9, 1;
    %jmp/0xz  T_18.0, 8;
    %ix/load 0, 1, 0;
    %assign/v0 v0x1a188e0_0, 0, 1;
    %load/v 8, v0x1a18180_0, 1;
    %ix/load 0, 1, 0;
    %assign/v0 v0x1a18680_0, 0, 8;
    %jmp T_18.1;
T_18.0 ;
    %load/v 8, v0x1a18840_0, 1;
    %load/v 9, v0x1a18400_0, 1;
    %and 8, 9, 1;
    %jmp/0xz  T_18.2, 8;
    %load/v 8, v0x1a18180_0, 1;
    %ix/load 0, 1, 0;
    %assign/v0 v0x1a18720_0, 0, 8;
    %jmp T_18.3;
T_18.2 ;
    %load/v 8, v0x1a18840_0, 1;
    %inv 8, 1;
    %load/v 9, v0x1a18400_0, 1;
    %and 8, 9, 1;
    %load/v 9, v0x1a188e0_0, 1;
    %and 8, 9, 1;
    %jmp/0xz  T_18.4, 8;
    %ix/load 0, 1, 0;
    %assign/v0 v0x1a188e0_0, 0, 0;
    %load/v 8, v0x1a18680_0, 1;
    %ix/load 0, 1, 0;
    %assign/v0 v0x1a18720_0, 0, 8;
T_18.4 ;
T_18.3 ;
T_18.1 ;
    %jmp T_18;
    .thread T_18;
    .scope S_0x19f6350;
T_19 ;
    %movi 8, 2, 2;
    %set/v v0x1a18bd0_0, 8, 1;
    %end;
    .thread T_19;
    .scope S_0x19f6350;
T_20 ;
    %wait E_0x1a18150;
    %load/v 8, v0x1a18a90_0, 1;
    %jmp/0xz  T_20.0, 8;
    %load/v 8, v0x1a18b30_0, 1;
    %ix/load 0, 1, 0;
    %assign/v0 v0x1a18bd0_0, 0, 8;
T_20.0 ;
    %jmp T_20;
    .thread T_20;
# The file index is used to find the file name in the following table.
:file_names 7;
    "N/A";
    "<interactive>";
    "/afs/csail/group/csg/tools/tools_lx86/bluespec/current/lib/Verilog/main.v";
    "mkTest_multi_.v";
    "Base.v";
    "Rand.v";
    "RegFile.v";
